~~12608~~ KERNEL32.dll!BaseThreadInitThunk
    arg 0: 0x0000000000000000
    arg 1: 0x00007ff6c51b1870
~~12608~~ KERNEL32.dll!GetStartupInfoW
~~12608~~ KERNELBASE.dll!GetStartupInfoW
~~12608~~ KERNELBASE.dll!GetStartupInfoW
    arg -1: 0x0000000000000000 (type=void, size=0x8)
~~12608~~ KERNEL32.dll!GetStartupInfoW
    arg -1: 0x0000000000000000 (type=void, size=0x8)
~~12608~~ KERNELBASE.dll!GetModuleHandleW
    arg 0: <null> (type=wchar_t*, size=0x0)
~~12608~~ KERNELBASE.dll!GetModuleHandleW
    arg -1: 0x00007ff6c51b0000 (type=HMODULE, size=0x4)
~~12608~~ msvcrt.dll!__set_app_type
    arg 0: 0x0000000000000002
    arg 1: 0x00007ff6c51b00e8
~~12608~~ KERNELBASE.dll!GetModuleHandleW
    arg 0: <null> (type=wchar_t*, size=0x0)
~~12608~~ KERNELBASE.dll!GetModuleHandleW
    arg -1: 0x00007ff6c51b0000 (type=HMODULE, size=0x4)
~~12608~~ msvcrt.dll!__set_app_type
    arg -1: 0x0000000000000002 (name=retval, type=void, size=0x8)